------------------------------------------------------------
TimeQuest Timing Analyzer Summary
------------------------------------------------------------

Type  : Slow 1200mV 85C Model Setup 'cpu:mcpu|control:mcontrol|t1'
Slack : -9.195
TNS   : -72.113

Type  : Slow 1200mV 85C Model Setup 'SW_choose'
Slack : -7.686
TNS   : -304.162

Type  : Slow 1200mV 85C Model Setup 'clk'
Slack : -4.003
TNS   : -250.160

Type  : Slow 1200mV 85C Model Setup 'clk_div:light|div_clk'
Slack : -3.560
TNS   : -103.625

Type  : Slow 1200mV 85C Model Setup 'clk_div:mem|div_clk'
Slack : -2.733
TNS   : -73.046

Type  : Slow 1200mV 85C Model Hold 'clk'
Slack : 0.039
TNS   : 0.000

Type  : Slow 1200mV 85C Model Hold 'SW_choose'
Slack : 0.156
TNS   : 0.000

Type  : Slow 1200mV 85C Model Hold 'clk_div:mem|div_clk'
Slack : 0.444
TNS   : 0.000

Type  : Slow 1200mV 85C Model Hold 'cpu:mcpu|control:mcontrol|t1'
Slack : 1.250
TNS   : 0.000

Type  : Slow 1200mV 85C Model Hold 'clk_div:light|div_clk'
Slack : 2.934
TNS   : 0.000

Type  : Slow 1200mV 85C Model Minimum Pulse Width 'SW_choose'
Slack : -3.201
TNS   : -117.726

Type  : Slow 1200mV 85C Model Minimum Pulse Width 'clk_div:mem|div_clk'
Slack : -3.201
TNS   : -86.348

Type  : Slow 1200mV 85C Model Minimum Pulse Width 'clk'
Slack : -3.000
TNS   : -104.116

Type  : Slow 1200mV 85C Model Minimum Pulse Width 'clk_div:light|div_clk'
Slack : -1.487
TNS   : -47.584

Type  : Slow 1200mV 85C Model Minimum Pulse Width 'cpu:mcpu|control:mcontrol|t1'
Slack : 0.347
TNS   : 0.000

Type  : Slow 1200mV 0C Model Setup 'cpu:mcpu|control:mcontrol|t1'
Slack : -8.726
TNS   : -68.311

Type  : Slow 1200mV 0C Model Setup 'SW_choose'
Slack : -7.039
TNS   : -282.516

Type  : Slow 1200mV 0C Model Setup 'clk'
Slack : -3.669
TNS   : -228.840

Type  : Slow 1200mV 0C Model Setup 'clk_div:light|div_clk'
Slack : -3.357
TNS   : -96.380

Type  : Slow 1200mV 0C Model Setup 'clk_div:mem|div_clk'
Slack : -2.473
TNS   : -64.929

Type  : Slow 1200mV 0C Model Hold 'clk'
Slack : 0.071
TNS   : 0.000

Type  : Slow 1200mV 0C Model Hold 'SW_choose'
Slack : 0.080
TNS   : 0.000

Type  : Slow 1200mV 0C Model Hold 'clk_div:mem|div_clk'
Slack : 0.401
TNS   : 0.000

Type  : Slow 1200mV 0C Model Hold 'cpu:mcpu|control:mcontrol|t1'
Slack : 1.290
TNS   : 0.000

Type  : Slow 1200mV 0C Model Hold 'clk_div:light|div_clk'
Slack : 2.822
TNS   : 0.000

Type  : Slow 1200mV 0C Model Minimum Pulse Width 'SW_choose'
Slack : -3.201
TNS   : -135.114

Type  : Slow 1200mV 0C Model Minimum Pulse Width 'clk_div:mem|div_clk'
Slack : -3.201
TNS   : -86.348

Type  : Slow 1200mV 0C Model Minimum Pulse Width 'clk'
Slack : -3.000
TNS   : -104.116

Type  : Slow 1200mV 0C Model Minimum Pulse Width 'clk_div:light|div_clk'
Slack : -1.487
TNS   : -47.584

Type  : Slow 1200mV 0C Model Minimum Pulse Width 'cpu:mcpu|control:mcontrol|t1'
Slack : 0.218
TNS   : 0.000

Type  : Fast 1200mV 0C Model Setup 'cpu:mcpu|control:mcontrol|t1'
Slack : -3.178
TNS   : -24.830

Type  : Fast 1200mV 0C Model Setup 'SW_choose'
Slack : -2.863
TNS   : -100.536

Type  : Fast 1200mV 0C Model Setup 'clk'
Slack : -1.137
TNS   : -67.716

Type  : Fast 1200mV 0C Model Setup 'clk_div:light|div_clk'
Slack : -0.879
TNS   : -23.343

Type  : Fast 1200mV 0C Model Setup 'clk_div:mem|div_clk'
Slack : -0.575
TNS   : -11.288

Type  : Fast 1200mV 0C Model Hold 'clk'
Slack : 0.001
TNS   : 0.000

Type  : Fast 1200mV 0C Model Hold 'clk_div:mem|div_clk'
Slack : 0.153
TNS   : 0.000

Type  : Fast 1200mV 0C Model Hold 'SW_choose'
Slack : 0.182
TNS   : 0.000

Type  : Fast 1200mV 0C Model Hold 'cpu:mcpu|control:mcontrol|t1'
Slack : 0.655
TNS   : 0.000

Type  : Fast 1200mV 0C Model Hold 'clk_div:light|div_clk'
Slack : 1.099
TNS   : 0.000

Type  : Fast 1200mV 0C Model Minimum Pulse Width 'SW_choose'
Slack : -3.000
TNS   : -127.642

Type  : Fast 1200mV 0C Model Minimum Pulse Width 'clk'
Slack : -3.000
TNS   : -89.356

Type  : Fast 1200mV 0C Model Minimum Pulse Width 'clk_div:mem|div_clk'
Slack : -1.000
TNS   : -50.000

Type  : Fast 1200mV 0C Model Minimum Pulse Width 'clk_div:light|div_clk'
Slack : -1.000
TNS   : -32.000

Type  : Fast 1200mV 0C Model Minimum Pulse Width 'cpu:mcpu|control:mcontrol|t1'
Slack : 0.372
TNS   : 0.000

------------------------------------------------------------
